
> shop-inventory@0.5.0 build
> next build

  ▲ Next.js 14.2.35
  - Environments: .env

   Creating an optimized production build ...
 ⚠ Compiled with warnings

./src/app/(dashboard)/warehouse/adjust/page.tsx
Attempted import error: 'quickSearchProduct' is not exported from '@/actions/warehouse' (imported as 'quickSearchProduct').

Import trace for requested module:
./src/app/(dashboard)/warehouse/adjust/page.tsx

./src/app/(dashboard)/warehouse/adjust/page.tsx
Attempted import error: 'quickAdjustStock' is not exported from '@/actions/warehouse' (imported as 'quickAdjustStock').

Import trace for requested module:
./src/app/(dashboard)/warehouse/adjust/page.tsx

./src/app/(dashboard)/warehouse/lookup/page.tsx
Attempted import error: 'quickSearchProduct' is not exported from '@/actions/warehouse' (imported as 'quickSearchProduct').

Import trace for requested module:
./src/app/(dashboard)/warehouse/lookup/page.tsx

./src/app/(dashboard)/warehouse/receive/page.tsx
Attempted import error: 'getPendingDeliveries' is not exported from '@/actions/warehouse' (imported as 'getPendingDeliveries').

Import trace for requested module:
./src/app/(dashboard)/warehouse/receive/page.tsx

./src/app/(dashboard)/warehouse/receive/page.tsx
Attempted import error: 'confirmReceipt' is not exported from '@/actions/warehouse' (imported as 'confirmReceipt').

Import trace for requested module:
./src/app/(dashboard)/warehouse/receive/page.tsx

 ⚠ Compiled with warnings

./src/app/(dashboard)/warehouse/adjust/page.tsx
Attempted import error: 'quickSearchProduct' is not exported from '@/actions/warehouse' (imported as 'quickSearchProduct').

Import trace for requested module:
./src/app/(dashboard)/warehouse/adjust/page.tsx

./src/app/(dashboard)/warehouse/adjust/page.tsx
Attempted import error: 'quickAdjustStock' is not exported from '@/actions/warehouse' (imported as 'quickAdjustStock').

Import trace for requested module:
./src/app/(dashboard)/warehouse/adjust/page.tsx

./src/app/(dashboard)/warehouse/lookup/page.tsx
Attempted import error: 'quickSearchProduct' is not exported from '@/actions/warehouse' (imported as 'quickSearchProduct').

Import trace for requested module:
./src/app/(dashboard)/warehouse/lookup/page.tsx

./src/app/(dashboard)/warehouse/receive/page.tsx
Attempted import error: 'getPendingDeliveries' is not exported from '@/actions/warehouse' (imported as 'getPendingDeliveries').

Import trace for requested module:
./src/app/(dashboard)/warehouse/receive/page.tsx

./src/app/(dashboard)/warehouse/receive/page.tsx
Attempted import error: 'confirmReceipt' is not exported from '@/actions/warehouse' (imported as 'confirmReceipt').

Import trace for requested module:
./src/app/(dashboard)/warehouse/receive/page.tsx

 ✓ Compiled successfully
   Linting and checking validity of types ...

Failed to compile.

./src/app/(dashboard)/accounting/reports/aging/page.tsx
38:8  Warning: React Hook useEffect has a missing dependency: 'fetchData'. Either include it or remove the dependency array.  react-hooks/exhaustive-deps

./src/app/(dashboard)/accounting/reports/page.tsx
53:8  Warning: React Hook useEffect has a missing dependency: 'fetchData'. Either include it or remove the dependency array.  react-hooks/exhaustive-deps

./src/components/accounting/reconcile/reconcile-workspace.tsx
76:8  Warning: React Hook useEffect has a missing dependency: 'fetchData'. Either include it or remove the dependency array.  react-hooks/exhaustive-deps

./src/components/products/product-form/stock-section.tsx
140:34  Error: `"` can be escaped with `&quot;`, `&ldquo;`, `&#34;`, `&rdquo;`.  react/no-unescaped-entities
140:44  Error: `"` can be escaped with `&quot;`, `&ldquo;`, `&#34;`, `&rdquo;`.  react/no-unescaped-entities
140:51  Error: `"` can be escaped with `&quot;`, `&ldquo;`, `&#34;`, `&rdquo;`.  react/no-unescaped-entities
140:68  Error: `"` can be escaped with `&quot;`, `&ldquo;`, `&#34;`, `&rdquo;`.  react/no-unescaped-entities

./src/components/shared/intelligence/product-history-tab.tsx
70:8  Warning: React Hook useEffect has missing dependencies: 'fetchSummary' and 'fetchVendors'. Either include them or remove the dependency array.  react-hooks/exhaustive-deps
74:8  Warning: React Hook useEffect has a missing dependency: 'fetchHistory'. Either include it or remove the dependency array.  react-hooks/exhaustive-deps

./src/components/tax/vat-report-dashboard.tsx
55:8  Warning: React Hook useEffect has a missing dependency: 'fetchReport'. Either include it or remove the dependency array.  react-hooks/exhaustive-deps

./src/components/tax/wht-ledger.tsx
55:8  Warning: React Hook useEffect has a missing dependency: 'fetchEntries'. Either include it or remove the dependency array.  react-hooks/exhaustive-deps

./src/components/tax/wht-report.tsx
78:8  Warning: React Hook useEffect has a missing dependency: 'fetchReport'. Either include it or remove the dependency array.  react-hooks/exhaustive-deps

./src/contexts/permission-context.tsx
413:6  Warning: React Hook useEffect has a missing dependency: 'permissionData'. Either include it or remove the dependency array.  react-hooks/exhaustive-deps

info  - Need to disable some ESLint rules? Learn more here: https://nextjs.org/docs/basic-features/eslint#disabling-rules
